
> nextn@0.1.0 build
> next build

   Γû▓ Next.js 15.5.9
   - Environments: .env.local, .env

   Creating an optimized production build ...
 Γ£ô Compiled successfully in 4.6s
   Linting and checking validity of types ...
