
> nextn@0.1.0 build
> NODE_ENV=production next build

node.exe : 'NODE_ENV' is 
not recognized as an 
internal or external 
command,
At line:1 char:1
+ & "C:\Program 
Files\nodejs/node.exe" 
"C:\Program 
Files\nodejs/node_mo ...
+ ~~~~~~~~~~~~~~~~~~~~~~~~~
~~~~~~~~~~~~~~~~~~~~~~~~~~~
~~~~~~~~~~~~~~~~~
    + CategoryInfo         
     : NotSpecified: ('NO  
  DE_ENV' is n...ternal    
 command,:String) [], R    
emoteException
    + FullyQualifiedErrorI 
   d : NativeCommandError
 
operable program or batch 
file.
